comment rouge que j ai loué où j'y ai vécu seul quand j'étais encore assez jeune était déjà dans le onzième hein je venais de
ils seront bonjour
on attend
ça c'est pas plus mal
ouais
s v s si je venais de
bonjour
bonjour
