epoch: 1, epoch_finished: True, total_samples: 12, total_audio_h: 4.09e-03, total_tokens: 136, train_time_h: 2.26e-03, valid_time_h: 2.88e-04, lr_model: 1.00e+00, lr_wav2vec: 1.00e-04 - train loss: 20.97 - valid loss: 28.03, valid CER: 85.71, valid WER: 1.00e+02
epoch: 2, epoch_finished: True, total_samples: 24, total_audio_h: 8.18e-03, total_tokens: 272, train_time_h: 4.19e-03, valid_time_h: 5.84e-04, lr_model: 1.00e+00, lr_wav2vec: 1.00e-04 - train loss: 12.86 - valid loss: 24.91, valid CER: 1.00e+02, valid WER: 1.00e+02
