maintementj que j ai loué j ai vécu seul quand j étais encore assez jeune était déjà dans le onzième hein je venais de
disronc bonjour
oh à tout
oe c est pas plus maéleu
o souaite
je devait je venett de c
bonjour
bonjour
