tentemant  jé que j'ai louéc j'ai vécu seul quand j'étais encore assez jeune étais déjà dans le onzième je venais de
il frengue bonjour
a toi
non c'est pas plus mal
fouat
je devais ce jevenac de
bonjour
bonjour
