B2
B5
B6
PP
PET
PHOS
CNRS
CAES
CEDEX
SET
DE
JARDINAGE
GARP
ME
XP
MAC
OS
