teneurs en constituants analytiques humidité cinq virgule cinq p cent protéines brutes trente-quatre virgule zéro p cent matières grasses brutes seize virgule zéro p cent cendres brutes vingt-trois virgule zéro p cent cellulose brute quatre virgule deux p cent liste des constituants nutritionnels vitamines a e b deux b cinq ou acide pantothénique b six pp h ou biotine
teneurs garanties par comprimé vitamines vitamines a cinquante virgule zéro u point un point vitamine e deux virgule cinq u point un point vitamine b deux zéro virgule cinq milligrammes vitamine b cinq acide pantothénique zéro virgule cinq milligrammes vitamine b six zéro virgule six milligrammes vitamine pp cinq milligrammes biotine douze virgule cinq microgrammes oligo-éléments zinc s point f point d' oxyde cinq virgule zéro milligrammes cuivre s point f point de sulfate pentahydraté zéro virgule cinq milligrammes iode s point f point d' iodate de calcium cinquante microgrammes acides aminés soufrés méthionine dix virgule zéro milligrammes cystine dix virgule zéro milligrammes taurine deux virgule cinq milligrammes acides gras essentiels acide linoléique huit virgule zéro milligrammes acide linolénique zéro virgule quatre-vingt-quinze milligrammes acide arachidonique six virgule zéro milligrammes propriétés la vitamine a est nécessaire au renouvellement de tous les épithéliums et exerce notamment une action majeure dans la kératogenèse et le fonctionnement des glandes sébacées
chats de moins de quatre kilogrammes un comprimé par jour
chats de plus de quatre kilogrammes deux comprimés par jour
il est conseillé d' administrer pet-phos félin spécial pelage sous forme de cures de huit à dix jours tous les mois
boite de quarante grammes net
le neuf zéro deux deux mille huit à vingt heures trente autour des oeuvres de paul ladmirault
lorient empreintes du douze zéro deux deux mille huit à dix-neuf heures trente au treize zéro deux deux mille huit à quinze heures compagnie retouramont
lorient cendrillon le quinze zéro deux deux mille huit à dix-neuf heures trente compagnie l' artifice ensemble les monts du reuils
mais même si le taux de mortalité est très élevé plus de quatre-vingts pour cent les frayères voient des alevins d' aloses éclore en masse
certaines frayères sont d' ailleurs classées en réserve naturelle comme celle d' agen gérée par une association que l' on peut visiter et où l' on peut faire des observations de nuit
sur l' estuaire on pêche au carrelet ou au filet dérivant alors que sur la rivière on peut utiliser une grande épuisette le coul
monique fouassier association pour la gestion de la réserve naturelle de la frayère d' alose sept rue de dolet quarante-sept mille agen tél zéro cinq cinquante-trois soixante-six seize soixante-huit
caes du cnrs contacts mentions légales siège caes du cnrs deux allée georges méliès quatre-vingt-quatorze mille trois cent six vincennes cedex france
bonheur
und versandkosten preise für frankreich ohne überseegebiete quarante-cinq point zéro e bitte beachten sie dass alle publikationen in französischer sprache verfasst sind
deux ans a camping caravaning plus un set de jardinage abonnez-vous à camping caravaning pour deux ans et recevez un set de jardinage pour quarante-neuf seulement au lieu de quatre-vingt-quinze
dim trente-neuf x trente et un x trente centimètres point polyester six cents deniers vous diposerez ainsi de tout l' équipement pour jardiner confortablement
segment important du marché du travail francilien elle compte sept cent sept mille sept cent quatre-vingt-dix salariés au trente et un décembre deux mille garp
et tx agendasgl pi un pour cent cinq bbackid pour cent cinq d mille trois cent trois et tx agendasgl pi un pour cent cinq bevent pour cent cinq d mille cent onze
productid deux mille cinq cent soixante-dix-sept
en effet l' activité commerciale doit continuer à être synonyme du mieux vivre local et de la promotion individuelle dans la région d' ile-de-france tant en ce qui concerne le lien social particulièrement dans le contexte des quartiers difficiles que comme champ d' expérimentation économique tout en étant porteuse d' emploi dans la région
b
et f
un
partez bien assuré
http deux points slash slash business point site tiret internet tiret referencement point be slash référencé le zéro un aout deux mille sept web dossier de surendettement modèle de demande du dossier de surendetement une liste des offres diverses les plus favorisantes existant sur le marché français
nb en cas de demande antérieure au premier janvier deux mille quatre et de refus de validation de services auxiliaires accomplis à temps partiel ou incomplet il vous appartient de déposer une nouvelle demande de validation portant uniquement sur les services en cause cf
le delai pour les agents titularisés après le trente et un point douze point deux mille trois la demande de validation devra être déposée dans un délai de deux ans suivant la date de notification de l' arrêté de titularisation
pc win quatre-vingt-dix-huit me xp mac os huit point un
la location est de deux cent soixante à cinq cent quarante â la sem suivant période
we can send merchandise everywhere please contact us at sales arobase sonobox point fr to get the right price with shipping costs included