000174 ®
000042 *
000034 "
000169 ©
000061 =
000040 (
000172 ¬
