cfpp comment rouge que j ai loué où j'y ai vécu seul quand j'étais encore assez jeune était déjà dans le onzième hein je venais de
rec_pasip8-1616725058869-1410772_33688106676_33180045003_S1625047306396s3694170_20210916_175250-spk1-seg000000 ils seront bonjour
rec_pasip8-1616725058869-1410772_33688106676_33180045003_S1625047306396s3694170_20210916_175250-spk2-seg000001 on attend
salledebain_sch_13_spk-001_Section01_Topic-None_Turn-001_seg-0000000 ça c'est pas plus mal
salledebain_sch_13_spk-001_Section01_Topic-None_Turn-007_seg-0000000 ouais
separation_per_14_spk-001_Section01_Topic-None_Turn-001_seg-0000001 s v s si je venais de
toy_bonjour bonjour
toy_bonjour2 bonjour
