cfpp MAINTEMENTJ QUE J AI LOUÉ J AI VÉCU SEUL QUAND J ÉTAIS ENCORE ASSEZ JEUNE ÉTAIT DÉJÀ DANS LE ONZIÈME HEIN JE VENAIS DE
rec_pasip8-1616725058869-1410772_33688106676_33180045003_S1625047306396s3694170_20210916_175250-spk1-seg000000 DISRONC BONJOUR
rec_pasip8-1616725058869-1410772_33688106676_33180045003_S1625047306396s3694170_20210916_175250-spk2-seg000001 OH À TOUT
salledebain_sch_13_spk-001_Section01_Topic-None_Turn-001_seg-0000000 OE C EST PAS PLUS MAÉLEU
salledebain_sch_13_spk-001_Section01_Topic-None_Turn-007_seg-0000000 O SOUAITE
separation_per_14_spk-001_Section01_Topic-None_Turn-001_seg-0000001 JE DEVAIT JE VENETT DE C
toy_bonjour BONJOUR
toy_bonjour2 BONJOUR
