cfpp tentemant  jé que j'ai louéc j'ai vécu seul quand j'étais encore assez jeune étais déjà dans le onzième je venais de
rec_pasip8-1616725058869-1410772_33688106676_33180045003_S1625047306396s3694170_20210916_175250-spk1-seg000000 il frengue bonjour
rec_pasip8-1616725058869-1410772_33688106676_33180045003_S1625047306396s3694170_20210916_175250-spk2-seg000001 a toi
salledebain_sch_13_spk-001_Section01_Topic-None_Turn-001_seg-0000000 non c'est pas plus mal
salledebain_sch_13_spk-001_Section01_Topic-None_Turn-007_seg-0000000 fouat
separation_per_14_spk-001_Section01_Topic-None_Turn-001_seg-0000001 je devais ce jevenac de
toy_bonjour bonjour
toy_bonjour2 bonjour
