cfpp  Je viscue seule quand j était encore assez jeune et était déjà dans le XIème. Je venais de...
rec_pasip8-1616725058869-1410772_33688106676_33180045003_S1625047306396s3694170_20210916_175250-spk1-seg000000  Il faut m'veoie,
rec_pasip8-1616725058869-1410772_33688106676_33180045003_S1625047306396s3694170_20210916_175250-spk2-seg000001  Oh y le!
salledebain_sch_13_spk-001_Section01_Topic-None_Turn-001_seg-0000000  C excluded mal現在
salledebain_sch_13_spk-001_Section01_Topic-None_Turn-007_seg-0000000  Wheels
separation_per_14_spk-001_Section01_Topic-None_Turn-001_seg-0000001  inte ce que je vene crystal
toy_bonjour  Bonjour!
toy_bonjour2  Bonjour!
